version https://git-lfs.github.com/spec/v1
oid sha256:38abee4273db01c946b62a1a40e6d355e3dc0f8ce76b3fd858688753e88d76b6
size 6480
